// Jest Snapshot v1, https://goo.gl/fbAQLP

exports[`Search component should render Search component 1`] = `
<Search
  search={
    Object {
      "inputValue": "test",
    }
  }
/>
`;
